============================= test session starts =============================
platform win32 -- Python 3.13.5, pytest-8.4.2, pluggy-1.6.0
rootdir: C:\Users\mhfou\Documents\emotion-detection-mlops
plugins: anyio-4.11.0, hydra-core-1.3.2
collected 1 item / 1 error

=================================== ERRORS ====================================
_____________________ ERROR collecting tests/test_api.py ______________________
venv\Lib\site-packages\starlette\testclient.py:44: in <module>
    import httpx
E   ModuleNotFoundError: No module named 'httpx'

During handling of the above exception, another exception occurred:
tests\test_api.py:2: in <module>
    from fastapi.testclient import TestClient
venv\Lib\site-packages\fastapi\testclient.py:1: in <module>
    from starlette.testclient import TestClient as TestClient  # noqa
    ^^^^^^^^^^^^^^^^^^^^^^^^^^^^^^^^^^^^^^^^^^^^^^^^^^^^^^^^^
venv\Lib\site-packages\starlette\testclient.py:46: in <module>
    raise RuntimeError(
E   RuntimeError: The starlette.testclient module requires the httpx package to be installed.
E   You can install this with:
E       $ pip install httpx
=========================== short test summary info ===========================
ERROR tests/test_api.py - RuntimeError: The starlette.testclient module requi...
!!!!!!!!!!!!!!!!!!! Interrupted: 1 error during collection !!!!!!!!!!!!!!!!!!!!
============================== 1 error in 37.44s ==============================
